Microchip MPLAB XC8 Compiler V2.00 ()

Linker command line:

-W-3 --edf=C:\Program Files (x86)\Microchip\xc8\v2.00\pic\dat\en_msgs.txt \
  -cs -h+dist/default/production\LightSensor.X.production.sym \
  --cmf=dist/default/production\LightSensor.X.production.cmf -z -Q18F4321 \
  -oC:\Users\Jacob\AppData\Local\Temp\s3b4.2 --defsym=__MPLAB_BUILD=1 \
  -Mdist/default/production/LightSensor.X.production.map -E1 -ver=XC8 \
  --acfsm=1493 -ASTACK=080h-01ffh -pstack=STACK -ACODE=00h-01FFFh \
  -ACONST=00h-01FFFh -ASMALLCONST=0200h-02FFhx30 -AMEDIUMCONST=0200h-01FFFh \
  -ACOMRAM=01h-07Fh -AABS1=00h-01FFh -ABIGRAM=01h-01FFh \
  -ARAM=080h-0FFh,0100h-01FFh -ABANK0=080h-0FFh -ABANK1=0100h-01FFh \
  -ASFR=0F80h-0FFFh -preset_vec=00h,intcode,intcodelo,powerup,init \
  -pramtop=0200h -psmallconst=SMALLCONST -pmediumconst=MEDIUMCONST \
  -pconst=CONST -AFARRAM=00h-00h -ACONFIG=0300000h-030000Dh -pconfig=CONFIG \
  -AIDLOC=0200000h-0200007h -pidloc=IDLOC -AEEDATA=0F00000h-0F000FFh \
  -peeprom_data=EEDATA \
  -prdata=COMRAM,nvrram=COMRAM,nvbit=COMRAM,rbss=COMRAM,rbit=COMRAM \
  -pfarbss=FARRAM,fardata=FARRAM,nvFARRAM=FARRAM \
  -pintsave_regs=BIGRAM,bigbss=BIGRAM,bigdata=BIGRAM -pbss=RAM \
  -pidata=CODE,irdata=CODE,ibigdata=CODE,ifardata=CODE -prparam=COMRAM \
  C:\Users\Jacob\AppData\Local\Temp\s3b4.o \
  dist/default/production\LightSensor.X.production.o 

Object code version is 3.11

Machine type is 18F4321

Call graph: (short form)




                Name                               Link     Load   Length Selector   Space Scale
C:\Users\Jacob\AppData\Local\Temp\s3b4.o
                init                                  0        0        4        0       0
                idloc                            200000   200000        8   200000       0
                config                           300000   300000        E   300000       0
dist/default/production\LightSensor.X.production.o
                smallconst                          200      200       3E      100       0
                text10                              48C      48C       70      11F       0
                text9                               6F8      6F8       1C      11F       0
                text8                               4FC      4FC       6A      11F       0
                text7                               5B8      5B8       4C      11F       0
                text6                               566      566       52      11F       0
                text5                               6B4      6B4       28      11F       0
                text4                               386      386       8A      11F       0
                text3                               410      410       7C      11F       0
                text2                               6DC      6DC       1C      11F       0
                text1                               604      604       42      11F       0
                text0                               23E      23E      148      11F       0
                cstackCOMRAM                         4D       4D        D        1       1
                dataCOMRAM                            1        1       34        1       1
                bssCOMRAM                            35       35       18        1       1
                cinit                               646      646       3A      11F       0
                idataCOMRAM                         680      680       34      11F       0

TOTAL           Name                               Link     Load   Length     Space
        CLASS   STACK          

        CLASS   CODE           
                init                                  0        0        4         0
                text10                              48C      48C       70         0
                text9                               6F8      6F8       1C         0
                text8                               4FC      4FC       6A         0
                text7                               5B8      5B8       4C         0
                text6                               566      566       52         0
                text5                               6B4      6B4       28         0
                text4                               386      386       8A         0
                text3                               410      410       7C         0
                text2                               6DC      6DC       1C         0
                text1                               604      604       42         0
                text0                               23E      23E      148         0
                cinit                               646      646       3A         0
                idataCOMRAM                         680      680       34         0

        CLASS   CONST          

        CLASS   SMALLCONST     
                smallconst                          200      200       3E         0

        CLASS   MEDIUMCONST    

        CLASS   COMRAM         
                cstackCOMRAM                         4D       4D        D         1
                dataCOMRAM                            1        1       34         1
                bssCOMRAM                            35       35       18         1

        CLASS   ABS1           

        CLASS   BIGRAM         

        CLASS   RAM            

        CLASS   BANK0          

        CLASS   BANK1          

        CLASS   SFR            

        CLASS   FARRAM         

        CLASS   CONFIG         
                config                           300000   300000        E         0

        CLASS   IDLOC          
                idloc                            200000   200000        8         0

        CLASS   EEDATA         



SEGMENTS        Name                           Load    Length   Top    Selector   Space  Class

                reset_vec                      000000  000004  000004         0       0  CODE    
                dataCOMRAM                     000001  000059  00005A         1       1  COMRAM  
                smallconst                     000200  00003E  00023E       100       0  SMALLCON
                text0                          00023E  0004D6  000714       11F       0  CODE    
                idloc                          200000  000008  200008    200000       0  IDLOC   
                config                         300000  00000E  30000E    300000       0  CONFIG  


UNUSED ADDRESS RANGES

        Name                Unused          Largest block    Delta
        BANK0            000080-0000FF               80
        BANK1            000100-0001FF              100
        BIGRAM           00005A-0001FF              1A6
        CODE             000004-0001FF              1FC
                         000714-001FFF             18EC
        COMRAM           00005A-00007F               26
        CONST            000004-0001FF              1FC
                         000714-001FFF             18EC
        EEDATA           F00000-F000FF              100
        MEDIUMCONST      000714-001FFF             18EC
        RAM              000080-0001FF               80
        SFR              000F80-000FFF               80
        SMALLCONST       000714-001FFF              100
        STACK            000080-0001FF              180

                                  Symbol Table

?_strcmp                 cstackCOMRAM 00004D
_ADCON0                  (abs)        000FC2
_ADCON0bits              (abs)        000FC2
_ADCON1                  (abs)        000FC1
_ADCON2                  (abs)        000FC0
_ADRESH                  (abs)        000FC4
_PORTAbits               (abs)        000F80
_PORTB                   (abs)        000F81
_PORTD                   (abs)        000F83
_TRISAbits               (abs)        000F92
_TRISB                   (abs)        000F93
_TRISC                   (abs)        000F94
_TRISD                   (abs)        000F95
__CFG_BOR$OFF            (abs)        000000
__CFG_LVP$OFF            (abs)        000000
__CFG_OSC$INTIO2         (abs)        000000
__CFG_WDT$OFF            (abs)        000000
__HRAM                   (abs)        000000
__Habs1                  abs1         000000
__Hbank0                 bank0        000000
__Hbank1                 bank1        000000
__Hbigbss                bigbss       000000
__Hbigdata               bigdata      000000
__Hbigram                bigram       000000
__Hbss                   bss          000000
__HbssCOMRAM             bssCOMRAM    000000
__Hcinit                 cinit        000000
__Hclrtext               clrtext      000000
__Hcomram                comram       000000
__Hconfig                config       30000E
__Hconst                 const        000000
__HcstackCOMRAM          cstackCOMRAM 000000
__Hdata                  data         000000
__HdataCOMRAM            dataCOMRAM   000000
__Heeprom_data           eeprom_data  000000
__Hfarbss                farbss       000000
__Hfardata               fardata      000000
__Hibigdata              ibigdata     000000
__Hidata                 idata        000000
__HidataCOMRAM           idataCOMRAM  000000
__Hidloc                 idloc        200008
__Hifardata              ifardata     000000
__Hinit                  init         000004
__Hintcode               intcode      000000
__Hintcode_body          intcode_body 000000
__Hintcodelo             intcodelo    000000
__Hintentry              intentry     000000
__Hintret                intret       000000
__Hintsave_regs          intsave_regs 000000
__Hirdata                irdata       000000
__Hmediumconst           mediumconst  000000
__HnvFARRAM              nvFARRAM     000000
__Hnvbit                 nvbit        000000
__Hnvrram                nvrram       000000
__Hparam                 rparam       000000
__Hpowerup               powerup      000000
__Hram                   ram          000000
__Hramtop                ramtop       000200
__Hrbit                  rbit         000000
__Hrbss                  rbss         000000
__Hrdata                 rdata        000000
__Hreset_vec             reset_vec    000000
__Hrparam                rparam       000000
__Hsfr                   sfr          000000
__Hsmallconst            smallconst   00023E
__Hspace_0               (abs)        30000E
__Hspace_1               (abs)        00005A
__Hspace_2               (abs)        000000
__Hstack                 stack        000000
__Hstruct                struct       000000
__Htemp                  temp         000000
__Htext                  text         000000
__Htext0                 text0        000000
__Htext1                 text1        000000
__Htext10                text10       000000
__Htext2                 text2        000000
__Htext3                 text3        000000
__Htext4                 text4        000000
__Htext5                 text5        000000
__Htext6                 text6        000000
__Htext7                 text7        000000
__Htext8                 text8        000000
__Htext9                 text9        000000
__LRAM                   (abs)        000001
__Labs1                  abs1         000000
__Lbank0                 bank0        000000
__Lbank1                 bank1        000000
__Lbigbss                bigbss       000000
__Lbigdata               bigdata      000000
__Lbigram                bigram       000000
__Lbss                   bss          000000
__LbssCOMRAM             bssCOMRAM    000000
__Lcinit                 cinit        000000
__Lclrtext               clrtext      000000
__Lcomram                comram       000000
__Lconfig                config       300000
__Lconst                 const        000000
__LcstackCOMRAM          cstackCOMRAM 000000
__Ldata                  data         000000
__LdataCOMRAM            dataCOMRAM   000000
__Leeprom_data           eeprom_data  000000
__Lfarbss                farbss       000000
__Lfardata               fardata      000000
__Libigdata              ibigdata     000000
__Lidata                 idata        000000
__LidataCOMRAM           idataCOMRAM  000000
__Lidloc                 idloc        200000
__Lifardata              ifardata     000000
__Linit                  init         000000
__Lintcode               intcode      000000
__Lintcode_body          intcode_body 000000
__Lintcodelo             intcodelo    000000
__Lintentry              intentry     000000
__Lintret                intret       000000
__Lintsave_regs          intsave_regs 000000
__Lirdata                irdata       000000
__Lmediumconst           mediumconst  000000
__LnvFARRAM              nvFARRAM     000000
__Lnvbit                 nvbit        000000
__Lnvrram                nvrram       000000
__Lparam                 rparam       000000
__Lpowerup               powerup      000000
__Lram                   ram          000000
__Lramtop                ramtop       000200
__Lrbit                  rbit         000000
__Lrbss                  rbss         000000
__Lrdata                 rdata        000000
__Lreset_vec             reset_vec    000000
__Lrparam                rparam       000000
__Lsfr                   sfr          000000
__Lsmallconst            smallconst   000200
__Lspace_0               (abs)        000000
__Lspace_1               (abs)        000000
__Lspace_2               (abs)        000000
__Lstack                 stack        000000
__Lstruct                struct       000000
__Ltemp                  temp         000000
__Ltext                  text         000000
__Ltext0                 text0        000000
__Ltext1                 text1        000000
__Ltext10                text10       000000
__Ltext2                 text2        000000
__Ltext3                 text3        000000
__Ltext4                 text4        000000
__Ltext5                 text5        000000
__Ltext6                 text6        000000
__Ltext7                 text7        000000
__Ltext8                 text8        000000
__Ltext9                 text9        000000
__S0                     (abs)        30000E
__S1                     (abs)        00005A
__S2                     (abs)        000000
___inthi_sp              stack        000000
___intlo_sp              stack        000000
___param_bank            (abs)        000000
___rparam_used           (abs)        000001
___sp                    stack        000000
__accesstop              (abs)        000080
__activetblptr           (abs)        000001
__end_of__initialization cinit        000672
__end_of_clear_display   text8        000566
__end_of_clear_read      text7        000604
__end_of_cmd             text9        000714
__end_of_data            text2        0006F8
__end_of_delay           text10       0004FC
__end_of_get_input       text6        0005B8
__end_of_get_press       text5        0006DC
__end_of_lookup          text3        00048C
__end_of_main            text0        000386
__end_of_print           text1        000646
__end_of_strcmp          text4        000410
__initialization         cinit        000646
__mediumconst            mediumconst  000000
__pbssCOMRAM             bssCOMRAM    000035
__pcinit                 cinit        000646
__pcstackCOMRAM          cstackCOMRAM 00004D
__pdataCOMRAM            dataCOMRAM   000001
__pidataCOMRAM           idataCOMRAM  000680
__psmallconst            smallconst   000200
__ptext0                 text0        00023E
__ptext1                 text1        000604
__ptext10                text10       00048C
__ptext2                 text2        0006DC
__ptext3                 text3        000410
__ptext4                 text4        000386
__ptext5                 text5        0006B4
__ptext6                 text6        000566
__ptext7                 text7        0005B8
__ptext8                 text8        0004FC
__ptext9                 text9        0006F8
__ramtop                 ramtop       000200
__size_of_clear_display  (abs)        000000
__size_of_clear_read     (abs)        000000
__size_of_cmd            (abs)        000000
__size_of_data           (abs)        000000
__size_of_delay          (abs)        000000
__size_of_get_input      (abs)        000000
__size_of_get_press      (abs)        000000
__size_of_lookup         (abs)        000000
__size_of_main           (abs)        000000
__size_of_print          (abs)        000000
__size_of_strcmp         (abs)        000000
__smallconst             smallconst   000200
_buttonPressed           bssCOMRAM    000045
_char_display            bssCOMRAM    000035
_clear_display           text8        0004FC
_clear_read              text7        0005B8
_cmd                     text9        0006F8
_d_index                 bssCOMRAM    000046
_data                    text2        0006DC
_delay                   text10       00048C
_get_input               text6        000566
_get_press               text5        0006B4
_lookup                  text3        000410
_main                    text0        00023E
_morse                   dataCOMRAM   000001
_print                   text1        000604
_r_index                 bssCOMRAM    000047
_read_in                 bssCOMRAM    000048
_strcmp                  text4        000386
clear_display@i          cstackCOMRAM 000054
clear_read@i             cstackCOMRAM 00004D
cmd@value                cstackCOMRAM 000053
data@value               cstackCOMRAM 000053
delay@i                  cstackCOMRAM 00004F
delay@itime              cstackCOMRAM 00004D
delay@j                  cstackCOMRAM 000051
end_of_initialization    cinit        000672
get_input@result         cstackCOMRAM 00004D
intlevel0                text         000000
intlevel1                text         000000
intlevel2                text         000000
intlevel3                text         000000
lookup@i                 cstackCOMRAM 000053
main@input               cstackCOMRAM 000058
main@output              cstackCOMRAM 000059
stackhi                  (abs)        0001FF
stacklo                  (abs)        000080
start                    init         000000
start_initialization     cinit        000646
strcmp@l                 cstackCOMRAM 00004D
strcmp@r                 cstackCOMRAM 00004F


FUNCTION INFORMATION:

 *************** function _main *****************
 Defined at:
		line 62 in file "main.c"
 Parameters:    Size  Location     Type
		None
 Auto vars:     Size  Location     Type
  output          1   12[COMRAM] unsigned char 
  input           1   11[COMRAM] unsigned char 
 Return value:  Size  Location     Type
                  1    wreg      void 
 Registers used:
		wreg, fsr2l, fsr2h, status,2, status,0, tblptrl, tblptrh, tblptru, prodl, prodh, cstack
 Tracked objects:
		On entry : 
		On exit  : 
		Unchanged: 
 Data sizes:     COMRAM   BANK0   BANK1
      Params:         0       0       0
      Locals:         2       0       0
      Temps:          0       0       0
      Totals:         2       0       0
Total ram usage:        2 bytes
 Hardware stack levels required when called:    3
 This function calls:
		_clear_display
		_clear_read
		_cmd
		_delay
		_get_input
		_get_press
		_lookup
		_print
 This function is called by:
		Startup code after reset
 This function uses a non-reentrant model


 *************** function _print *****************
 Defined at:
		line 195 in file "main.c"
 Parameters:    Size  Location     Type
		None
 Auto vars:     Size  Location     Type
		None
 Return value:  Size  Location     Type
                  1    wreg      void 
 Registers used:
		wreg, fsr2l, fsr2h, status,2, status,0, cstack
 Tracked objects:
		On entry : 
		On exit  : 
		Unchanged: 
 Data sizes:     COMRAM   BANK0   BANK1
      Params:         0       0       0
      Locals:         0       0       0
      Temps:          4       0       0
      Totals:         4       0       0
Total ram usage:        4 bytes
 Hardware stack levels used:    1
 Hardware stack levels required when called:    2
 This function calls:
		_data
		_delay
 This function is called by:
		_main
 This function uses a non-reentrant model


 *************** function _data *****************
 Defined at:
		line 55 in file "main.c"
 Parameters:    Size  Location     Type
  value           1    wreg     unsigned char 
 Auto vars:     Size  Location     Type
  value           1    6[COMRAM] unsigned char 
 Return value:  Size  Location     Type
                  1    wreg      void 
 Registers used:
		wreg, status,2, status,0, cstack
 Tracked objects:
		On entry : 
		On exit  : 
		Unchanged: 
 Data sizes:     COMRAM   BANK0   BANK1
      Params:         0       0       0
      Locals:         1       0       0
      Temps:          0       0       0
      Totals:         1       0       0
Total ram usage:        1 bytes
 Hardware stack levels used:    1
 Hardware stack levels required when called:    1
 This function calls:
		_delay
 This function is called by:
		_print
 This function uses a non-reentrant model


 *************** function _lookup *****************
 Defined at:
		line 147 in file "main.c"
 Parameters:    Size  Location     Type
		None
 Auto vars:     Size  Location     Type
  i               1    6[COMRAM] unsigned char 
 Return value:  Size  Location     Type
                  1    wreg      unsigned char 
 Registers used:
		wreg, fsr2l, fsr2h, status,2, status,0, tblptrl, tblptrh, tblptru, prodl, prodh, cstack
 Tracked objects:
		On entry : 
		On exit  : 
		Unchanged: 
 Data sizes:     COMRAM   BANK0   BANK1
      Params:         0       0       0
      Locals:         1       0       0
      Temps:          0       0       0
      Totals:         1       0       0
Total ram usage:        1 bytes
 Hardware stack levels used:    1
 Hardware stack levels required when called:    1
 This function calls:
		_strcmp
 This function is called by:
		_main
 This function uses a non-reentrant model


 *************** function _strcmp *****************
 Defined at:
		line 3 in file "C:\Program Files (x86)\Microchip\xc8\v2.00\pic\sources\c99\common\strcmp.c"
 Parameters:    Size  Location     Type
  l               2    0[COMRAM] PTR const unsigned char 
		 -> STR_26(5), STR_25(5), STR_24(5), STR_23(4), 
		 -> STR_22(5), STR_21(4), STR_20(2), STR_19(4), 
		 -> STR_18(4), STR_17(5), STR_16(5), STR_15(4), 
		 -> STR_14(3), STR_13(3), STR_12(5), STR_11(4), 
		 -> STR_10(5), STR_9(3), STR_8(5), STR_7(4), 
		 -> STR_6(5), STR_5(2), STR_4(4), STR_3(5), 
		 -> STR_2(5), STR_1(3), 
  r               2    2[COMRAM] PTR const unsigned char 
		 -> read_in(5), 
 Auto vars:     Size  Location     Type
		None
 Return value:  Size  Location     Type
                  2    0[COMRAM] int 
 Registers used:
		wreg, fsr2l, fsr2h, status,2, status,0, tblptrl, tblptrh, tblptru
 Tracked objects:
		On entry : 
		On exit  : 
		Unchanged: 
 Data sizes:     COMRAM   BANK0   BANK1
      Params:         4       0       0
      Locals:         0       0       0
      Temps:          2       0       0
      Totals:         6       0       0
Total ram usage:        6 bytes
 Hardware stack levels used:    1
 This function calls:
		Nothing
 This function is called by:
		_lookup
 This function uses a non-reentrant model


 *************** function _get_press *****************
 Defined at:
		line 187 in file "main.c"
 Parameters:    Size  Location     Type
		None
 Auto vars:     Size  Location     Type
		None
 Return value:  Size  Location     Type
                  1    wreg      unsigned char 
 Registers used:
		wreg
 Tracked objects:
		On entry : 
		On exit  : 
		Unchanged: 
 Data sizes:     COMRAM   BANK0   BANK1
      Params:         0       0       0
      Locals:         0       0       0
      Temps:          0       0       0
      Totals:         0       0       0
Total ram usage:        0 bytes
 Hardware stack levels used:    1
 This function calls:
		Nothing
 This function is called by:
		_main
 This function uses a non-reentrant model


 *************** function _get_input *****************
 Defined at:
		line 165 in file "main.c"
 Parameters:    Size  Location     Type
		None
 Auto vars:     Size  Location     Type
  result          1    0[COMRAM] unsigned char 
 Return value:  Size  Location     Type
                  1    wreg      unsigned char 
 Registers used:
		wreg, status,2, status,0
 Tracked objects:
		On entry : 
		On exit  : 
		Unchanged: 
 Data sizes:     COMRAM   BANK0   BANK1
      Params:         0       0       0
      Locals:         1       0       0
      Temps:          0       0       0
      Totals:         1       0       0
Total ram usage:        1 bytes
 Hardware stack levels used:    1
 This function calls:
		Nothing
 This function is called by:
		_main
 This function uses a non-reentrant model


 *************** function _clear_read *****************
 Defined at:
		line 124 in file "main.c"
 Parameters:    Size  Location     Type
		None
 Auto vars:     Size  Location     Type
  i               1    0[COMRAM] unsigned char 
 Return value:  Size  Location     Type
                  1    wreg      void 
 Registers used:
		wreg, fsr2l, fsr2h, status,2, status,0, prodl, prodh
 Tracked objects:
		On entry : 
		On exit  : 
		Unchanged: 
 Data sizes:     COMRAM   BANK0   BANK1
      Params:         0       0       0
      Locals:         1       0       0
      Temps:          0       0       0
      Totals:         1       0       0
Total ram usage:        1 bytes
 Hardware stack levels used:    1
 This function calls:
		Nothing
 This function is called by:
		_main
 This function uses a non-reentrant model


 *************** function _clear_display *****************
 Defined at:
		line 131 in file "main.c"
 Parameters:    Size  Location     Type
		None
 Auto vars:     Size  Location     Type
  i               1    7[COMRAM] unsigned char 
 Return value:  Size  Location     Type
                  1    wreg      void 
 Registers used:
		wreg, fsr2l, fsr2h, status,2, status,0, prodl, prodh, cstack
 Tracked objects:
		On entry : 
		On exit  : 
		Unchanged: 
 Data sizes:     COMRAM   BANK0   BANK1
      Params:         0       0       0
      Locals:         1       0       0
      Temps:          0       0       0
      Totals:         1       0       0
Total ram usage:        1 bytes
 Hardware stack levels used:    1
 Hardware stack levels required when called:    2
 This function calls:
		_cmd
		_delay
 This function is called by:
		_main
 This function uses a non-reentrant model


 *************** function _cmd *****************
 Defined at:
		line 48 in file "main.c"
 Parameters:    Size  Location     Type
  value           1    wreg     unsigned char 
 Auto vars:     Size  Location     Type
  value           1    6[COMRAM] unsigned char 
 Return value:  Size  Location     Type
                  1    wreg      void 
 Registers used:
		wreg, status,2, status,0, cstack
 Tracked objects:
		On entry : 
		On exit  : 
		Unchanged: 
 Data sizes:     COMRAM   BANK0   BANK1
      Params:         0       0       0
      Locals:         1       0       0
      Temps:          0       0       0
      Totals:         1       0       0
Total ram usage:        1 bytes
 Hardware stack levels used:    1
 Hardware stack levels required when called:    1
 This function calls:
		_delay
 This function is called by:
		_main
		_clear_display
 This function uses a non-reentrant model


 *************** function _delay *****************
 Defined at:
		line 41 in file "main.c"
 Parameters:    Size  Location     Type
  itime           2    0[COMRAM] unsigned int 
 Auto vars:     Size  Location     Type
  j               2    4[COMRAM] unsigned int 
  i               2    2[COMRAM] unsigned int 
 Return value:  Size  Location     Type
                  1    wreg      void 
 Registers used:
		wreg, status,2, status,0
 Tracked objects:
		On entry : 
		On exit  : 
		Unchanged: 
 Data sizes:     COMRAM   BANK0   BANK1
      Params:         2       0       0
      Locals:         4       0       0
      Temps:          0       0       0
      Totals:         6       0       0
Total ram usage:        6 bytes
 Hardware stack levels used:    1
 This function calls:
		Nothing
 This function is called by:
		_cmd
		_data
		_main
		_clear_display
		_print
 This function uses a non-reentrant model



MODULE INFORMATION

Module		Function		Class		Link	Load	Size
C:\Program Files (x86)\Microchip\xc8\v2.00\pic\sources\c99\common\strcmp.c
		_strcmp        		CODE           	0386	0000	139

C:\Program Files (x86)\Microchip\xc8\v2.00\pic\sources\c99\common\strcmp.c estimated size: 139

shared
		__initialization		CODE           	0646	0000	45

shared estimated size: 45

main.c
		_delay         		CODE           	048C	0000	113
		_lookup        		CODE           	0410	0000	125
		_main          		CODE           	023E	0000	329
		_clear_display 		CODE           	04FC	0000	107
		_get_input     		CODE           	0566	0000	83
		_get_press     		CODE           	06B4	0000	41
		_data          		CODE           	06DC	0000	29
		_print         		CODE           	0604	0000	67
		_cmd           		CODE           	06F8	0000	29
		_clear_read    		CODE           	05B8	0000	77

main.c estimated size: 1000

