Microchip MPLAB XC8 Compiler V2.00 ()

Linker command line:

-W-3 --edf=C:\Program Files (x86)\Microchip\xc8\v2.00\pic\dat\en_msgs.txt \
  -cs -h+dist/default/debug\LightSensor.X.debug.sym \
  --cmf=dist/default/debug\LightSensor.X.debug.cmf -z -Q18F4321 \
  -oC:\Users\Jacob\AppData\Local\Temp\s5as.2 --defsym=__MPLAB_BUILD=1 \
  -Mdist/default/debug/LightSensor.X.debug.map -E1 -ver=XC8 --acfsm=1493 \
  -ASTACK=080h-01f3h -pstack=STACK -ACODE=00h-01DBFh -ACONST=00h-01DBFh \
  -ASMALLCONST=0200h-02FFhx27,01D00h-01DBFh -AMEDIUMCONST=0200h-01DBFh \
  -ACOMRAM=01h-07Fh -AABS1=00h-01F3h -ABIGRAM=01h-01F3h \
  -ARAM=080h-0FFh,0100h-01F3h -ABANK0=080h-0FFh -ABANK1=0100h-01F3h \
  -ASFR=0F80h-0F9Bh,0F9Dh-0FD3h,0FD5h-0FDAh,0FE0h-0FE2h,0FE8h-0FEAh,0FF0h-0FFCh \
  -preset_vec=00h,intcode,intcodelo,powerup,init -pramtop=0200h \
  -psmallconst=SMALLCONST -pmediumconst=MEDIUMCONST -pconst=CONST \
  -AFARRAM=00h-00h -ACONFIG=0300000h-030000Dh -pconfig=CONFIG \
  -AIDLOC=0200000h-0200007h -pidloc=IDLOC -AEEDATA=0F00000h-0F000FFh \
  -peeprom_data=EEDATA \
  -prdata=COMRAM,nvrram=COMRAM,nvbit=COMRAM,rbss=COMRAM,rbit=COMRAM \
  -pfarbss=FARRAM,fardata=FARRAM,nvFARRAM=FARRAM \
  -pintsave_regs=BIGRAM,bigbss=BIGRAM,bigdata=BIGRAM -pbss=RAM \
  -pidata=CODE,irdata=CODE,ibigdata=CODE,ifardata=CODE -prparam=COMRAM \
  C:\Users\Jacob\AppData\Local\Temp\s5as.o \
  dist/default/debug\LightSensor.X.debug.o 

Object code version is 3.11

Machine type is 18F4321

Call graph: (short form)




                Name                               Link     Load   Length Selector   Space Scale
C:\Users\Jacob\AppData\Local\Temp\s5as.o
                init                                  0        0        4        0       0
                idloc                            200000   200000        8   200000       0
                config                           300000   300000        E   300000       0
dist/default/debug\LightSensor.X.debug.o
                smallconst                          200      200       44      100       0
                text10                              428      428       70      122       0
                text9                               706      706       1C      361       0
                text8                               506      506       6A      122       0
                text7                               5C2      5C2       4C      122       0
                text6                               570      570       52      122       0
                text5                               6C2      6C2       28      361       0
                text4                               39E      39E       8A      122       0
                text3                               498      498       6E      122       0
                text2                               6EA      6EA       1C      361       0
                text1                               60E      60E       42      122       0
                text0                               244      244      15A      122       0
                cstackCOMRAM                         50       50        D        1       1
                dataCOMRAM                            1        1       37        1       1
                bssCOMRAM                            38       38       18        1       1
                cinit                               650      650       3A      122       0
                idataCOMRAM                         68A      68A       37      122       0

TOTAL           Name                               Link     Load   Length     Space
        CLASS   STACK          

        CLASS   CODE           
                init                                  0        0        4         0
                text10                              428      428       70         0
                text9                               706      706       1C         0
                text8                               506      506       6A         0
                text7                               5C2      5C2       4C         0
                text6                               570      570       52         0
                text5                               6C2      6C2       28         0
                text4                               39E      39E       8A         0
                text3                               498      498       6E         0
                text2                               6EA      6EA       1C         0
                text1                               60E      60E       42         0
                text0                               244      244      15A         0
                cinit                               650      650       3A         0
                idataCOMRAM                         68A      68A       37         0

        CLASS   CONST          

        CLASS   SMALLCONST     
                smallconst                          200      200       44         0

        CLASS   MEDIUMCONST    

        CLASS   COMRAM         
                cstackCOMRAM                         50       50        D         1
                dataCOMRAM                            1        1       37         1
                bssCOMRAM                            38       38       18         1

        CLASS   ABS1           

        CLASS   BIGRAM         

        CLASS   RAM            

        CLASS   BANK0          

        CLASS   BANK1          

        CLASS   SFR            

        CLASS   FARRAM         

        CLASS   CONFIG         
                config                           300000   300000        E         0

        CLASS   IDLOC          
                idloc                            200000   200000        8         0

        CLASS   EEDATA         



SEGMENTS        Name                           Load    Length   Top    Selector   Space  Class

                reset_vec                      000000  000004  000004         0       0  CODE    
                dataCOMRAM                     000001  00005C  00005D         1       1  COMRAM  
                smallconst                     000200  000044  000244       100       0  SMALLCON
                text0                          000244  00047D  0006C1       122       0  CODE    
                text5                          0006C2  000060  000722       361       0  CODE    
                idloc                          200000  000008  200008    200000       0  IDLOC   
                config                         300000  00000E  30000E    300000       0  CONFIG  


UNUSED ADDRESS RANGES

        Name                Unused          Largest block    Delta
        BANK0            000080-0000FF               80
        BANK1            000100-0001F3               F4
        BIGRAM           00005D-0001F3              197
        CODE             000004-0001FF              1FC
                         0006C1-0006C1                1
                         000722-001DBF             169E
        COMRAM           00005D-00007F               23
        CONST            000004-0001FF              1FC
                         0006C1-0006C1                1
                         000722-001DBF             169E
        EEDATA           F00000-F000FF              100
        MEDIUMCONST      0006C1-0006C1                1
                         000722-001DBF             169E
        RAM              000080-0001F3               80
        SFR              000F80-000F9B               1C
                         000F9D-000FD3               37
                         000FD5-000FDA                6
                         000FE0-000FE2                3
                         000FE8-000FEA                3
                         000FF0-000FFC                D
        SMALLCONST       0006C1-0006C1                1
                         000722-001DBF              100
        STACK            000080-0001F3              174

                                  Symbol Table

?_strcmp                 cstackCOMRAM 000050
_ADCON0                  (abs)        000FC2
_ADCON0bits              (abs)        000FC2
_ADCON1                  (abs)        000FC1
_ADCON2                  (abs)        000FC0
_ADRESH                  (abs)        000FC4
_PORTAbits               (abs)        000F80
_PORTB                   (abs)        000F81
_PORTD                   (abs)        000F83
_TRISAbits               (abs)        000F92
_TRISB                   (abs)        000F93
_TRISC                   (abs)        000F94
_TRISD                   (abs)        000F95
__CFG_BOR$OFF            (abs)        000000
__CFG_LVP$OFF            (abs)        000000
__CFG_OSC$INTIO2         (abs)        000000
__CFG_WDT$OFF            (abs)        000000
__HRAM                   (abs)        000000
__Habs1                  abs1         000000
__Hbank0                 bank0        000000
__Hbank1                 bank1        000000
__Hbigbss                bigbss       000000
__Hbigdata               bigdata      000000
__Hbigram                bigram       000000
__Hbss                   bss          000000
__HbssCOMRAM             bssCOMRAM    000000
__Hcinit                 cinit        000000
__Hclrtext               clrtext      000000
__Hcomram                comram       000000
__Hconfig                config       30000E
__Hconst                 const        000000
__HcstackCOMRAM          cstackCOMRAM 000000
__Hdata                  data         000000
__HdataCOMRAM            dataCOMRAM   000000
__Heeprom_data           eeprom_data  000000
__Hfarbss                farbss       000000
__Hfardata               fardata      000000
__Hibigdata              ibigdata     000000
__Hidata                 idata        000000
__HidataCOMRAM           idataCOMRAM  000000
__Hidloc                 idloc        200008
__Hifardata              ifardata     000000
__Hinit                  init         000004
__Hintcode               intcode      000000
__Hintcode_body          intcode_body 000000
__Hintcodelo             intcodelo    000000
__Hintentry              intentry     000000
__Hintret                intret       000000
__Hintsave_regs          intsave_regs 000000
__Hirdata                irdata       000000
__Hmediumconst           mediumconst  000000
__HnvFARRAM              nvFARRAM     000000
__Hnvbit                 nvbit        000000
__Hnvrram                nvrram       000000
__Hparam                 rparam       000000
__Hpowerup               powerup      000000
__Hram                   ram          000000
__Hramtop                ramtop       000200
__Hrbit                  rbit         000000
__Hrbss                  rbss         000000
__Hrdata                 rdata        000000
__Hreset_vec             reset_vec    000000
__Hrparam                rparam       000000
__Hsfr                   sfr          000000
__Hsmallconst            smallconst   000244
__Hspace_0               (abs)        30000E
__Hspace_1               (abs)        00005D
__Hspace_2               (abs)        000000
__Hstack                 stack        000000
__Hstruct                struct       000000
__Htemp                  temp         000000
__Htext                  text         000000
__Htext0                 text0        000000
__Htext1                 text1        000000
__Htext10                text10       000000
__Htext2                 text2        000000
__Htext3                 text3        000000
__Htext4                 text4        000000
__Htext5                 text5        000000
__Htext6                 text6        000000
__Htext7                 text7        000000
__Htext8                 text8        000000
__Htext9                 text9        000000
__LRAM                   (abs)        000001
__Labs1                  abs1         000000
__Lbank0                 bank0        000000
__Lbank1                 bank1        000000
__Lbigbss                bigbss       000000
__Lbigdata               bigdata      000000
__Lbigram                bigram       000000
__Lbss                   bss          000000
__LbssCOMRAM             bssCOMRAM    000000
__Lcinit                 cinit        000000
__Lclrtext               clrtext      000000
__Lcomram                comram       000000
__Lconfig                config       300000
__Lconst                 const        000000
__LcstackCOMRAM          cstackCOMRAM 000000
__Ldata                  data         000000
__LdataCOMRAM            dataCOMRAM   000000
__Leeprom_data           eeprom_data  000000
__Lfarbss                farbss       000000
__Lfardata               fardata      000000
__Libigdata              ibigdata     000000
__Lidata                 idata        000000
__LidataCOMRAM           idataCOMRAM  000000
__Lidloc                 idloc        200000
__Lifardata              ifardata     000000
__Linit                  init         000000
__Lintcode               intcode      000000
__Lintcode_body          intcode_body 000000
__Lintcodelo             intcodelo    000000
__Lintentry              intentry     000000
__Lintret                intret       000000
__Lintsave_regs          intsave_regs 000000
__Lirdata                irdata       000000
__Lmediumconst           mediumconst  000000
__LnvFARRAM              nvFARRAM     000000
__Lnvbit                 nvbit        000000
__Lnvrram                nvrram       000000
__Lparam                 rparam       000000
__Lpowerup               powerup      000000
__Lram                   ram          000000
__Lramtop                ramtop       000200
__Lrbit                  rbit         000000
__Lrbss                  rbss         000000
__Lrdata                 rdata        000000
__Lreset_vec             reset_vec    000000
__Lrparam                rparam       000000
__Lsfr                   sfr          000000
__Lsmallconst            smallconst   000200
__Lspace_0               (abs)        000000
__Lspace_1               (abs)        000000
__Lspace_2               (abs)        000000
__Lstack                 stack        000000
__Lstruct                struct       000000
__Ltemp                  temp         000000
__Ltext                  text         000000
__Ltext0                 text0        000000
__Ltext1                 text1        000000
__Ltext10                text10       000000
__Ltext2                 text2        000000
__Ltext3                 text3        000000
__Ltext4                 text4        000000
__Ltext5                 text5        000000
__Ltext6                 text6        000000
__Ltext7                 text7        000000
__Ltext8                 text8        000000
__Ltext9                 text9        000000
__S0                     (abs)        30000E
__S1                     (abs)        00005D
__S2                     (abs)        000000
___inthi_sp              stack        000000
___intlo_sp              stack        000000
___param_bank            (abs)        000000
___rparam_used           (abs)        000001
___sp                    stack        000000
__accesstop              (abs)        000080
__activetblptr           (abs)        000001
__end_of__initialization cinit        00067C
__end_of_clear_display   text8        000570
__end_of_clear_read      text7        00060E
__end_of_cmd             text9        000722
__end_of_data            text2        000706
__end_of_delay           text10       000498
__end_of_get_input       text6        0005C2
__end_of_get_press       text5        0006EA
__end_of_lookup          text3        000506
__end_of_main            text0        00039E
__end_of_print           text1        000650
__end_of_strcmp          text4        000428
__initialization         cinit        000650
__mediumconst            mediumconst  000000
__pbssCOMRAM             bssCOMRAM    000038
__pcinit                 cinit        000650
__pcstackCOMRAM          cstackCOMRAM 000050
__pdataCOMRAM            dataCOMRAM   000001
__pidataCOMRAM           idataCOMRAM  00068A
__psmallconst            smallconst   000200
__ptext0                 text0        000244
__ptext1                 text1        00060E
__ptext10                text10       000428
__ptext2                 text2        0006EA
__ptext3                 text3        000498
__ptext4                 text4        00039E
__ptext5                 text5        0006C2
__ptext6                 text6        000570
__ptext7                 text7        0005C2
__ptext8                 text8        000506
__ptext9                 text9        000706
__ramtop                 ramtop       000200
__size_of_clear_display  (abs)        000000
__size_of_clear_read     (abs)        000000
__size_of_cmd            (abs)        000000
__size_of_data           (abs)        000000
__size_of_delay          (abs)        000000
__size_of_get_input      (abs)        000000
__size_of_get_press      (abs)        000000
__size_of_lookup         (abs)        000000
__size_of_main           (abs)        000000
__size_of_print          (abs)        000000
__size_of_strcmp         (abs)        000000
__smallconst             smallconst   000200
_alpha                   dataCOMRAM   000037
_buttonPressed           bssCOMRAM    000048
_char_display            bssCOMRAM    000038
_clear_display           text8        000506
_clear_read              text7        0005C2
_cmd                     text9        000706
_d_index                 bssCOMRAM    000049
_data                    text2        0006EA
_delay                   text10       000428
_get_input               text6        000570
_get_press               text5        0006C2
_lookup                  text3        000498
_main                    text0        000244
_morse                   dataCOMRAM   000001
_print                   text1        00060E
_r_index                 bssCOMRAM    00004A
_read_in                 bssCOMRAM    00004B
_strcmp                  text4        00039E
clear_display@i          cstackCOMRAM 000057
clear_read@i             cstackCOMRAM 000050
cmd@value                cstackCOMRAM 000056
data@value               cstackCOMRAM 000056
delay@i                  cstackCOMRAM 000052
delay@itime              cstackCOMRAM 000050
delay@j                  cstackCOMRAM 000054
end_of_initialization    cinit        00067C
get_input@result         cstackCOMRAM 000050
intlevel0                text         000000
intlevel1                text         000000
intlevel2                text         000000
intlevel3                text         000000
lookup@i                 cstackCOMRAM 000056
main@input               cstackCOMRAM 00005B
main@output              cstackCOMRAM 00005C
stackhi                  (abs)        0001F3
stacklo                  (abs)        000080
start                    init         000000
start_initialization     cinit        000650
strcmp@l                 cstackCOMRAM 000050
strcmp@r                 cstackCOMRAM 000052


FUNCTION INFORMATION:

 *************** function _main *****************
 Defined at:
		line 64 in file "main.c"
 Parameters:    Size  Location     Type
		None
 Auto vars:     Size  Location     Type
  output          1   12[COMRAM] unsigned char 
  input           1   11[COMRAM] unsigned char 
 Return value:  Size  Location     Type
                  1    wreg      void 
 Registers used:
		wreg, fsr2l, fsr2h, status,2, status,0, tblptrl, tblptrh, tblptru, prodl, prodh, cstack
 Tracked objects:
		On entry : 
		On exit  : 
		Unchanged: 
 Data sizes:     COMRAM   BANK0   BANK1
      Params:         0       0       0
      Locals:         2       0       0
      Temps:          0       0       0
      Totals:         2       0       0
Total ram usage:        2 bytes
 Hardware stack levels required when called:    3
 This function calls:
		_clear_display
		_clear_read
		_cmd
		_delay
		_get_input
		_get_press
		_lookup
		_print
 This function is called by:
		Startup code after reset
 This function uses a non-reentrant model


 *************** function _print *****************
 Defined at:
		line 203 in file "main.c"
 Parameters:    Size  Location     Type
		None
 Auto vars:     Size  Location     Type
		None
 Return value:  Size  Location     Type
                  1    wreg      void 
 Registers used:
		wreg, fsr2l, fsr2h, status,2, status,0, cstack
 Tracked objects:
		On entry : 
		On exit  : 
		Unchanged: 
 Data sizes:     COMRAM   BANK0   BANK1
      Params:         0       0       0
      Locals:         0       0       0
      Temps:          4       0       0
      Totals:         4       0       0
Total ram usage:        4 bytes
 Hardware stack levels used:    1
 Hardware stack levels required when called:    2
 This function calls:
		_data
		_delay
 This function is called by:
		_main
 This function uses a non-reentrant model


 *************** function _data *****************
 Defined at:
		line 57 in file "main.c"
 Parameters:    Size  Location     Type
  value           1    wreg     unsigned char 
 Auto vars:     Size  Location     Type
  value           1    6[COMRAM] unsigned char 
 Return value:  Size  Location     Type
                  1    wreg      void 
 Registers used:
		wreg, status,2, status,0, cstack
 Tracked objects:
		On entry : 
		On exit  : 
		Unchanged: 
 Data sizes:     COMRAM   BANK0   BANK1
      Params:         0       0       0
      Locals:         1       0       0
      Temps:          0       0       0
      Totals:         1       0       0
Total ram usage:        1 bytes
 Hardware stack levels used:    1
 Hardware stack levels required when called:    1
 This function calls:
		_delay
 This function is called by:
		_print
 This function uses a non-reentrant model


 *************** function _lookup *****************
 Defined at:
		line 155 in file "main.c"
 Parameters:    Size  Location     Type
		None
 Auto vars:     Size  Location     Type
  i               1    6[COMRAM] unsigned char 
 Return value:  Size  Location     Type
                  1    wreg      unsigned char 
 Registers used:
		wreg, fsr2l, fsr2h, status,2, status,0, tblptrl, tblptrh, tblptru, prodl, prodh, cstack
 Tracked objects:
		On entry : 
		On exit  : 
		Unchanged: 
 Data sizes:     COMRAM   BANK0   BANK1
      Params:         0       0       0
      Locals:         1       0       0
      Temps:          0       0       0
      Totals:         1       0       0
Total ram usage:        1 bytes
 Hardware stack levels used:    1
 Hardware stack levels required when called:    1
 This function calls:
		_strcmp
 This function is called by:
		_main
 This function uses a non-reentrant model


 *************** function _strcmp *****************
 Defined at:
		line 3 in file "C:\Program Files (x86)\Microchip\xc8\v2.00\pic\sources\c99\common\strcmp.c"
 Parameters:    Size  Location     Type
  l               2    0[COMRAM] PTR const unsigned char 
		 -> STR_27(5), STR_26(5), STR_25(5), STR_24(5), 
		 -> STR_23(4), STR_22(5), STR_21(4), STR_20(2), 
		 -> STR_19(4), STR_18(4), STR_17(5), STR_16(5), 
		 -> STR_15(4), STR_14(3), STR_13(3), STR_12(5), 
		 -> STR_11(4), STR_10(5), STR_9(3), STR_8(5), 
		 -> STR_7(4), STR_6(5), STR_5(2), STR_4(4), 
		 -> STR_3(5), STR_2(5), STR_1(3), 
  r               2    2[COMRAM] PTR const unsigned char 
		 -> read_in(5), 
 Auto vars:     Size  Location     Type
		None
 Return value:  Size  Location     Type
                  2    0[COMRAM] int 
 Registers used:
		wreg, fsr2l, fsr2h, status,2, status,0, tblptrl, tblptrh, tblptru
 Tracked objects:
		On entry : 
		On exit  : 
		Unchanged: 
 Data sizes:     COMRAM   BANK0   BANK1
      Params:         4       0       0
      Locals:         0       0       0
      Temps:          2       0       0
      Totals:         6       0       0
Total ram usage:        6 bytes
 Hardware stack levels used:    1
 This function calls:
		Nothing
 This function is called by:
		_lookup
 This function uses a non-reentrant model


 *************** function _get_press *****************
 Defined at:
		line 195 in file "main.c"
 Parameters:    Size  Location     Type
		None
 Auto vars:     Size  Location     Type
		None
 Return value:  Size  Location     Type
                  1    wreg      unsigned char 
 Registers used:
		wreg
 Tracked objects:
		On entry : 
		On exit  : 
		Unchanged: 
 Data sizes:     COMRAM   BANK0   BANK1
      Params:         0       0       0
      Locals:         0       0       0
      Temps:          0       0       0
      Totals:         0       0       0
Total ram usage:        0 bytes
 Hardware stack levels used:    1
 This function calls:
		Nothing
 This function is called by:
		_main
 This function uses a non-reentrant model


 *************** function _get_input *****************
 Defined at:
		line 173 in file "main.c"
 Parameters:    Size  Location     Type
		None
 Auto vars:     Size  Location     Type
  result          1    0[COMRAM] unsigned char 
 Return value:  Size  Location     Type
                  1    wreg      unsigned char 
 Registers used:
		wreg, status,2, status,0
 Tracked objects:
		On entry : 
		On exit  : 
		Unchanged: 
 Data sizes:     COMRAM   BANK0   BANK1
      Params:         0       0       0
      Locals:         1       0       0
      Temps:          0       0       0
      Totals:         1       0       0
Total ram usage:        1 bytes
 Hardware stack levels used:    1
 This function calls:
		Nothing
 This function is called by:
		_main
 This function uses a non-reentrant model


 *************** function _clear_read *****************
 Defined at:
		line 132 in file "main.c"
 Parameters:    Size  Location     Type
		None
 Auto vars:     Size  Location     Type
  i               1    0[COMRAM] unsigned char 
 Return value:  Size  Location     Type
                  1    wreg      void 
 Registers used:
		wreg, fsr2l, fsr2h, status,2, status,0, prodl, prodh
 Tracked objects:
		On entry : 
		On exit  : 
		Unchanged: 
 Data sizes:     COMRAM   BANK0   BANK1
      Params:         0       0       0
      Locals:         1       0       0
      Temps:          0       0       0
      Totals:         1       0       0
Total ram usage:        1 bytes
 Hardware stack levels used:    1
 This function calls:
		Nothing
 This function is called by:
		_main
 This function uses a non-reentrant model


 *************** function _clear_display *****************
 Defined at:
		line 139 in file "main.c"
 Parameters:    Size  Location     Type
		None
 Auto vars:     Size  Location     Type
  i               1    7[COMRAM] unsigned char 
 Return value:  Size  Location     Type
                  1    wreg      void 
 Registers used:
		wreg, fsr2l, fsr2h, status,2, status,0, prodl, prodh, cstack
 Tracked objects:
		On entry : 
		On exit  : 
		Unchanged: 
 Data sizes:     COMRAM   BANK0   BANK1
      Params:         0       0       0
      Locals:         1       0       0
      Temps:          0       0       0
      Totals:         1       0       0
Total ram usage:        1 bytes
 Hardware stack levels used:    1
 Hardware stack levels required when called:    2
 This function calls:
		_cmd
		_delay
 This function is called by:
		_main
 This function uses a non-reentrant model


 *************** function _cmd *****************
 Defined at:
		line 50 in file "main.c"
 Parameters:    Size  Location     Type
  value           1    wreg     unsigned char 
 Auto vars:     Size  Location     Type
  value           1    6[COMRAM] unsigned char 
 Return value:  Size  Location     Type
                  1    wreg      void 
 Registers used:
		wreg, status,2, status,0, cstack
 Tracked objects:
		On entry : 
		On exit  : 
		Unchanged: 
 Data sizes:     COMRAM   BANK0   BANK1
      Params:         0       0       0
      Locals:         1       0       0
      Temps:          0       0       0
      Totals:         1       0       0
Total ram usage:        1 bytes
 Hardware stack levels used:    1
 Hardware stack levels required when called:    1
 This function calls:
		_delay
 This function is called by:
		_main
		_clear_display
 This function uses a non-reentrant model


 *************** function _delay *****************
 Defined at:
		line 43 in file "main.c"
 Parameters:    Size  Location     Type
  itime           2    0[COMRAM] unsigned int 
 Auto vars:     Size  Location     Type
  j               2    4[COMRAM] unsigned int 
  i               2    2[COMRAM] unsigned int 
 Return value:  Size  Location     Type
                  1    wreg      void 
 Registers used:
		wreg, status,2, status,0
 Tracked objects:
		On entry : 
		On exit  : 
		Unchanged: 
 Data sizes:     COMRAM   BANK0   BANK1
      Params:         2       0       0
      Locals:         4       0       0
      Temps:          0       0       0
      Totals:         6       0       0
Total ram usage:        6 bytes
 Hardware stack levels used:    1
 This function calls:
		Nothing
 This function is called by:
		_cmd
		_data
		_main
		_clear_display
		_print
 This function uses a non-reentrant model



MODULE INFORMATION

Module		Function		Class		Link	Load	Size
C:\Program Files (x86)\Microchip\xc8\v2.00\pic\sources\c99\common\strcmp.c
		_strcmp        		CODE           	039E	0000	139

C:\Program Files (x86)\Microchip\xc8\v2.00\pic\sources\c99\common\strcmp.c estimated size: 139

shared
		__initialization		CODE           	0650	0000	45

shared estimated size: 45

main.c
		_delay         		CODE           	0428	0000	113
		_lookup        		CODE           	0498	0000	111
		_main          		CODE           	0244	0000	347
		_clear_display 		CODE           	0506	0000	107
		_get_input     		CODE           	0570	0000	83
		_get_press     		CODE           	06C2	0000	41
		_data          		CODE           	06EA	0000	29
		_print         		CODE           	060E	0000	67
		_cmd           		CODE           	0706	0000	29
		_clear_read    		CODE           	05C2	0000	77

main.c estimated size: 1004

